// Jest Snapshot v1, https://goo.gl/fbAQLP

exports[`Footer Component matches the snapshot 1`] = `
<div>
  <footer
    class="bg-gray-900 text-gray-300 py-8"
  >
    <div
      class="container mx-auto px-4"
    >
      <div
        class="grid grid-cols-1 md:grid-cols-3 gap-8 items-center"
      >
        <div>
          <h3
            class="text-lg font-semibold text-white mb-4"
          >
            Follow Me
          </h3>
          <div
            class="flex space-x-4"
          >
            <a
              class="text-gray-400 hover:text-white"
              href="https://github.com/stephen447"
              rel="noopener noreferrer"
              target="_blank"
            >
              <i
                class="fab fa-github"
              />
            </a>
            <a
              class="text-gray-400 hover:text-white"
              href="https://www.linkedin.com/in/stephen-byrne-b4729321b/"
              rel="noopener noreferrer"
              target="_blank"
            >
              <i
                class="fab fa-linkedin"
              />
            </a>
            <a
              class="text-gray-400 hover:text-white"
              href="https://stephenbyrne.onrender.com/"
              rel="noopener noreferrer"
              target="_blank"
            >
              <i
                class="fas fa-globe"
              />
               
            </a>
          </div>
        </div>
        <div>
          <h3
            class="text-lg font-semibold text-white mb-4"
          >
            Quick Links
          </h3>
          <ul
            class="space-y-2"
          >
            <li>
              <a
                class="text-gray-400 hover:text-white transition"
                href="/about"
              >
                About Us
              </a>
            </li>
            <li>
              <a
                class="text-gray-400 hover:text-white transition"
                href="/support"
              >
                Support
              </a>
            </li>
            <li>
              <a
                class="text-gray-400 hover:text-white transition"
                href="/careers"
              >
                Careers
              </a>
            </li>
            <li>
              <a
                class="text-gray-400 hover:text-white transition"
                href="/terms"
              >
                Terms of Service
              </a>
            </li>
            <li>
              <a
                class="text-gray-400 hover:text-white transition"
                href="/privacy"
              >
                Privacy Policy
              </a>
            </li>
          </ul>
        </div>
        <div>
          <h3
            class="text-lg font-semibold text-white mb-4"
          >
            Stay Updated
          </h3>
          <form>
            <div
              class="flex items-center space-x-2"
            >
              <input
                class="w-full px-4 py-2 rounded-lg text-gray-800"
                placeholder="Enter your email"
                type="email"
              />
              <button
                class="px-4 py-2 bg-blue-600 text-white rounded-lg hover:bg-blue-700"
                type="submit"
              >
                Subscribe
              </button>
            </div>
          </form>
        </div>
      </div>
      <div
        class="mt-8 border-t border-gray-700 pt-4 flex flex-col md:flex-row justify-between items-center"
      >
        <p
          class="text-sm text-gray-500"
        >
          Â© 
          2025
           Eventure. All rights reserved.
        </p>
        <div
          class="space-x-4 mt-4 md:mt-0"
        >
          <a
            class="text-gray-400 hover:text-white text-sm"
            href="/terms"
          >
            Terms
          </a>
          <a
            class="text-gray-400 hover:text-white text-sm"
            href="/privacy"
          >
            Privacy
          </a>
          <a
            class="text-gray-400 hover:text-white text-sm"
            href="/cookies"
          >
            Cookies
          </a>
        </div>
      </div>
    </div>
  </footer>
</div>
`;
